// Jest Snapshot v1, https://goo.gl/fbAQLP

exports[`Pruebas en componente Debe mostrar el componente correctamente 1`] = `
<form
  onSubmit={[Function]}
>
  <input
    onChange={[Function]}
    value=""
  />
</form>
`;
